// Jest Snapshot v1, https://goo.gl/fbAQLP

exports[`Transactions page test suite matches Transaction component snapshot 1`] = `
<div>
  <form
    className="form"
    onSubmit={[Function]}
  >
    <label>
       User:  
      <input
        data-testid="user"
        name="user"
        onChange={[Function]}
        type="text"
        value=""
      />
    </label>
    <br />
    <label>
       Merchant:  
      <input
        data-testid="merchant"
        name="merchant"
        onChange={[Function]}
        type="text"
        value=""
      />
    </label>
    <br />
    <label>
       Amount:  $
      <input
        className="amount"
        data-testid="amount"
        name="amount"
        onChange={[Function]}
        type="text"
        value=""
      />
    </label>
    <br />
    <label>
       Date:  
      <input
        data-testid="date"
        name="date"
        onChange={[Function]}
        placeholder="MM/DD/YYYY"
        type="text"
        value=""
      />
    </label>
    <br />
    <br />
    <input
      className="submit"
      data-testid="submit"
      type="submit"
    />
  </form>
  <h3>
    List of Transactions
  </h3>
  <div
    id="transaction-block"
  >
    <div
      style={
        Object {
          "alignItems": "center",
          "display": "flex",
        }
      }
    >
      <p
        className="transaction"
      >
        Hermoine
         spent $
        100
         at 
        Flourish and Blotts
         on 
        12/20/2020
      </p>
      <svg
        aria-hidden={true}
        className="MuiSvgIcon-root"
        focusable="false"
        id="edit"
        onClick={[Function]}
        viewBox="0 0 24 24"
      >
        <path
          d="M3 17.25V21h3.75L17.81 9.94l-3.75-3.75L3 17.25zM20.71 7.04c.39-.39.39-1.02 0-1.41l-2.34-2.34a.9959.9959 0 00-1.41 0l-1.83 1.83 3.75 3.75 1.83-1.83z"
        />
      </svg>
      <svg
        aria-hidden={true}
        className="MuiSvgIcon-root"
        focusable="false"
        id="delete"
        onClick={[Function]}
        style={
          Object {
            "color": "red",
          }
        }
        viewBox="0 0 24 24"
      >
        <path
          d="M6 19c0 1.1.9 2 2 2h8c1.1 0 2-.9 2-2V7H6v12zM19 4h-3.5l-1-1h-5l-1 1H5v2h14V4z"
        />
      </svg>
    </div>
  </div>
  <div
    id="transaction-block"
  >
    <div
      style={
        Object {
          "alignItems": "center",
          "display": "flex",
        }
      }
    >
      <p
        className="transaction"
      >
        Harry
         spent $
        5
         at 
        Ollivander's Wand Shop
         on 
        01/05/2021
      </p>
      <svg
        aria-hidden={true}
        className="MuiSvgIcon-root"
        focusable="false"
        id="edit"
        onClick={[Function]}
        viewBox="0 0 24 24"
      >
        <path
          d="M3 17.25V21h3.75L17.81 9.94l-3.75-3.75L3 17.25zM20.71 7.04c.39-.39.39-1.02 0-1.41l-2.34-2.34a.9959.9959 0 00-1.41 0l-1.83 1.83 3.75 3.75 1.83-1.83z"
        />
      </svg>
      <svg
        aria-hidden={true}
        className="MuiSvgIcon-root"
        focusable="false"
        id="delete"
        onClick={[Function]}
        style={
          Object {
            "color": "red",
          }
        }
        viewBox="0 0 24 24"
      >
        <path
          d="M6 19c0 1.1.9 2 2 2h8c1.1 0 2-.9 2-2V7H6v12zM19 4h-3.5l-1-1h-5l-1 1H5v2h14V4z"
        />
      </svg>
    </div>
  </div>
</div>
`;
